// Vitest Snapshot v1, https://vitest.dev/guide/snapshot.html

exports[`BaseLoader > Snapshot 1`] = `
"<div class=\\"h-full w-full flex justify-center items-center\\">
  <div class=\\"animate-spin h-12 w-12 border-8 border-sky-200 border-r-transparent rounded-full\\"></div>
</div>"
`;
