// Vitest Snapshot v1, https://vitest.dev/guide/snapshot.html

exports[`ProjectsListEmpty > Snapshot 1`] = `
"<div class=\\"h-full w-full flex justify-center items-center\\">
  <p class=\\"text-3xl font-bold underline\\">Список пуст</p>
</div>"
`;
