// Vitest Snapshot v1, https://vitest.dev/guide/snapshot.html

exports[`ProjectsListItem > Snapshot 1`] = `
"<li class=\\"mb-2 last:mb-0 bg-sky-200 p-1\\">
  <p class=\\"mb-0.5 font-bold\\">CREATED</p>
  <h2>aaa</h2>
</li>"
`;
