// Vitest Snapshot v1, https://vitest.dev/guide/snapshot.html

exports[`TheProjects > Snapshot 1`] = `
"<div class=\\"flex flex-col items-center flex-1\\">
  <div class=\\"w-full flex justify-between items-center mb-8 flex-wrap gap-2\\"><input class=\\"w-full sm:w-1/2 px-2 py-1 border text-sm focus:outline-none\\" type=\\"text\\" placeholder=\\"Заголовок\\"><select class=\\"w-full sm:w-1/3 border p-1 text-sm focus:outline-none\\">
      <option data-option=\\"Любой\\">Любой</option>
      <option data-option=\\"CREATED\\">CREATED</option>
      <option data-option=\\"IN_PROGRESS\\">IN_PROGRESS</option>
      <option data-option=\\"FINISHED\\">FINISHED</option>
    </select><select class=\\"w-full sm:w-1/3 border p-1 text-sm focus:outline-none\\">
      <option data-option=\\"3\\">3</option>
      <option data-option=\\"5\\">5</option>
      <option data-option=\\"10\\">10</option>
    </select></div>
  <div class=\\"w-full flex-1 mb-8\\">
    <div class=\\"h-full w-full flex justify-center items-center\\">
      <div class=\\"animate-spin h-12 w-12 border-8 border-sky-200 border-r-transparent rounded-full\\"></div>
    </div>
  </div>
  <div class=\\"w-full flex justify-center gap-4\\"></div>
</div>"
`;
